--------------------
./configure --static
Sun May 31 15:04:00 CST 2026
=== ztest1239520.c ===
extern int getchar();
int hello() {return getchar();}
===
clang-14 -c ztest1239520.c
... using gcc

Checking for obsessive-compulsive compiler options...
=== ztest1239520.c ===
int foo() { return 0; }
===
clang-14 -c -O3 -flto -march=native -DNDEBUG ztest1239520.c

Building static library libz.a version 1.2.11-optipng with clang-14.

=== ztest1239520.c ===
#include <stdio.h>
#include <stdlib.h>
size_t dummy = 0;
===
clang-14 -c -O3 -flto -march=native -DNDEBUG ztest1239520.c
Checking for size_t... Yes.


=== ztest1239520.c ===
#include <sys/types.h>
off64_t dummy = 0;
===
clang-14 -c -O3 -flto -march=native -DNDEBUG -D_LARGEFILE64_SOURCE=1 ztest1239520.c
Checking for off64_t... Yes.
Checking for fseeko... Yes.

=== ztest1239520.c ===
#include <string.h>
#include <errno.h>
int main() { return strlen(strerror(errno)); }
===
clang-14 -O3 -flto -march=native -DNDEBUG -D_LARGEFILE64_SOURCE=1 -o ztest1239520 ztest1239520.c
Checking for strerror... Yes.

=== ztest1239520.c ===
#include <unistd.h>
int main() { return 0; }
===
clang-14 -c -O3 -flto -march=native -DNDEBUG -D_LARGEFILE64_SOURCE=1 ztest1239520.c
Checking for unistd.h... Yes.

=== ztest1239520.c ===
#include <stdarg.h>
int main() { return 0; }
===
clang-14 -c -O3 -flto -march=native -DNDEBUG -D_LARGEFILE64_SOURCE=1 ztest1239520.c
Checking for stdarg.h... Yes.

=== ztest1239520.c ===
#include <stdio.h>
#include <stdarg.h>
#include "zconf.h"
int main()
{
#ifndef STDC
  choke me
#endif
  return 0;
}
===
clang-14 -c -O3 -flto -march=native -DNDEBUG -D_LARGEFILE64_SOURCE=1 ztest1239520.c
Checking whether to use vs[n]printf() or s[n]printf()... using vs[n]printf().

=== ztest1239520.c ===
#include <stdio.h>
#include <stdarg.h>
int mytest(const char *fmt, ...)
{
  char buf[20];
  va_list ap;
  va_start(ap, fmt);
  vsnprintf(buf, sizeof(buf), fmt, ap);
  va_end(ap);
  return 0;
}
int main()
{
  return (mytest("Hello%d\n", 1));
}
===
clang-14 -O3 -flto -march=native -DNDEBUG -D_LARGEFILE64_SOURCE=1 -o ztest1239520 ztest1239520.c
Checking for vsnprintf() in stdio.h... Yes.

=== ztest1239520.c ===
#include <stdio.h>
#include <stdarg.h>
int mytest(const char *fmt, ...)
{
  int n;
  char buf[20];
  va_list ap;
  va_start(ap, fmt);
  n = vsnprintf(buf, sizeof(buf), fmt, ap);
  va_end(ap);
  return n;
}
int main()
{
  return (mytest("Hello%d\n", 1));
}
===
clang-14 -c -O3 -flto -march=native -DNDEBUG -D_LARGEFILE64_SOURCE=1 ztest1239520.c
Checking for return value of vsnprintf()... Yes.

=== ztest1239520.c ===
#define ZLIB_INTERNAL __attribute__((visibility ("hidden")))
int ZLIB_INTERNAL foo;
int main()
{
  return 0;
}
===
clang-14 -c -O3 -flto -march=native -DNDEBUG -D_LARGEFILE64_SOURCE=1 ztest1239520.c
Checking for attribute(visibility) support... Yes.

ALL = static all64
AR = ar
ARFLAGS = rc
CC = clang-14
CFLAGS = -O3 -flto -march=native -DNDEBUG -D_LARGEFILE64_SOURCE=1 -DHAVE_HIDDEN
CPP = clang-14 -E
EXE =
LDCONFIG = ldconfig
LDFLAGS = -flto
LDSHARED = clang-14
LDSHAREDLIBC = -lc
OBJC = $(OBJZ) $(OBJG)
PIC_OBJC = $(PIC_OBJZ) $(PIC_OBJG)
RANLIB = ranlib
SFLAGS = -O3 -flto -march=native -DNDEBUG -fPIC -D_LARGEFILE64_SOURCE=1 -DHAVE_HIDDEN
SHAREDLIB =
SHAREDLIBM =
SHAREDLIBV =
STATICLIB = libz.a
TEST = all teststatic test64
VER = 1.2.11-optipng
Z_U4 =
SRCDIR =
exec_prefix = ${prefix}
includedir = ${prefix}/include
libdir = ${exec_prefix}/lib
mandir = ${prefix}/share/man
prefix = /usr/local
sharedlibdir = ${libdir}
uname = Linux
--------------------


